
> gsf-platform@0.1.0 build
> next build

Γû▓ Next.js 16.2.3 (Turbopack)
- Environments: .env.local

  Creating an optimized production build ...
node.exe : 
At line:1 char:1
+ & "D:\Program Files\nodejs/node.exe" "D:\Program Files\nodejs/node_mo ...
+ ~~~~~~~~~~~~~~~~~~~~~~~~~~~~~~~~~~~~~~~~~~~~~~~~~~~~~~~~~~~~~~~~~~~~~
    + CategoryInfo          : NotSpecified: (:String) [], RemoteException
    + FullyQualifiedErrorId : NativeCommandError
 
> Build error occurred
Error: Turbopack build failed with 11 errors:
./app/insights/page.tsx:356:18
the name `AnimatePresence` is defined multiple times
  [90m354 |[0m   );
  [90m355 |[0m }
[31m[1m>[0m [90m356 |[0m [36mimport[0m { motion, 
[33mAnimatePresence[0m } [36mfrom[0m [32m"framer-motion"[0m;
  [90m    |[0m                  [31m[1m^^^^^^^^^^^^^^^[0m
  [90m357 |[0m [36mimport[0m { [33mNavbar[0m } [36mfrom[0m 
[32m"@/components/layout/Navbar"[0m;
  [90m358 |[0m [36mimport[0m { [33mFooter[0m } [36mfrom[0m 
[32m"@/components/layout/Footer"[0m;
  [90m359 |[0m [36mimport[0m { [33mZap[0m, [33mTrendingUp[0m, 
[33mBookOpen[0m, [33mUsers[0m, [33mArrowRight[0m, [33mCalendar[0m, 
[33mClock[0m, [33mChevronRight[0m, [33mX[0m, [33m...[0m

Ecmascript file had an error

Import traces:
  Client Component Browser:
    ./app/insights/page.tsx [Client Component Browser]
    ./app/insights/page.tsx [Server Component]

  Client Component SSR:
    ./app/insights/page.tsx [Client Component SSR]
    ./app/insights/page.tsx [Server Component]


./app/insights/page.tsx:359:27
the name `BookOpen` is defined multiple times
  [90m357 |[0m [36mimport[0m { [33mNavbar[0m } [36mfrom[0m 
[32m"@/components/layout/Navbar"[0m;
  [90m358 |[0m [36mimport[0m { [33mFooter[0m } [36mfrom[0m 
[32m"@/components/layout/Footer"[0m;
[31m[1m>[0m [90m359 |[0m [36mimport[0m { [33mZap[0m, 
[33mTrendingUp[0m, [33mBookOpen[0m, [33mUsers[0m, [33mArrowRight[0m, 
[33mCalendar[0m, [33mClock[0m, [33mChevronRight[0m, [33mX[0m, 
[33m...[0m
  [90m    |[0m                           [31m[1m^^^^^^^^[0m
  [90m360 |[0m [36mimport[0m { useUser } [36mfrom[0m 
[32m"@clerk/nextjs"[0m;
  [90m361 |[0m
  [90m362 |[0m [36mconst[0m [33mCATEGORIES[0m = [[32m"All"[0m, 
[32m"Founder Strategy"[0m, [32m"Fundraising"[0m, [32m"Product"[0m, 
[32m"Community"[0m, [32m"Gr...[0m

Ecmascript file had an error

Import traces:
  Client Component Browser:
    ./app/insights/page.tsx [Client Component Browser]
    ./app/insights/page.tsx [Server Component]

  Client Component SSR:
    ./app/insights/page.tsx [Client Component SSR]
    ./app/insights/page.tsx [Server Component]


./app/insights/page.tsx:362:7
the name `CATEGORIES` is defined multiple times
  [90m360 |[0m [36mimport[0m { useUser } [36mfrom[0m 
[32m"@clerk/nextjs"[0m;
  [90m361 |[0m
[31m[1m>[0m [90m362 |[0m [36mconst[0m [33mCATEGORIES[0m = 
[[32m"All"[0m, [32m"Founder Strategy"[0m, [32m"Fundraising"[0m, 
[32m"Product"[0m, [32m"Community"[0m, [32m"Gr...[0m
  [90m    |[0m       [31m[1m^^^^^^^^^^[0m
  [90m363 |[0m
  [90m364 |[0m [36mtype[0m [33mArticle[0m = {
  [90m365 |[0m   id: string;

Ecmascript file had an error

Import traces:
  Client Component Browser:
    ./app/insights/page.tsx [Client Component Browser]
    ./app/insights/page.tsx [Server Component]

  Client Component SSR:
    ./app/insights/page.tsx [Client Component SSR]
    ./app/insights/page.tsx [Server Component]


./app/insights/page.tsx:358:10
the name `Footer` is defined multiple times
  [90m356 |[0m [36mimport[0m { motion, [33mAnimatePresence[0m } 
[36mfrom[0m [32m"framer-motion"[0m;
  [90m357 |[0m [36mimport[0m { [33mNavbar[0m } [36mfrom[0m 
[32m"@/components/layout/Navbar"[0m;
[31m[1m>[0m [90m358 |[0m [36mimport[0m { [33mFooter[0m } 
[36mfrom[0m [32m"@/components/layout/Footer"[0m;
  [90m    |[0m          [31m[1m^^^^^^[0m
  [90m359 |[0m [36mimport[0m { [33mZap[0m, [33mTrendingUp[0m, 
[33mBookOpen[0m, [33mUsers[0m, [33mArrowRight[0m, [33mCalendar[0m, 
[33mClock[0m, [33mChevronRight[0m, [33mX[0m, [33m...[0m
  [90m360 |[0m [36mimport[0m { useUser } [36mfrom[0m 
[32m"@clerk/nextjs"[0m;
  [90m361 |[0m

Ecmascript file had an error

Import traces:
  Client Component Browser:
    ./app/insights/page.tsx [Client Component Browser]
    ./app/insights/page.tsx [Server Component]

  Client Component SSR:
    ./app/insights/page.tsx [Client Component SSR]
    ./app/insights/page.tsx [Server Component]


./app/insights/page.tsx:975:25
the name `InsightsPage` is defined multiple times
  [90m973 |[0m });
  [90m974 |[0m
[31m[1m>[0m [90m975 |[0m [36mexport[0m [36mdefault[0m 
[36mfunction[0m [33mInsightsPage[0m() {
  [90m    |[0m                         [31m[1m^^^^^^^^^^^^[0m
  [90m976 |[0m   [36mconst[0m { user } = useUser();
  [90m977 |[0m   [36mconst[0m isGsfTeam = user?.emailAddresses?.some(e => 
e.emailAddress.includes([32m"@gsf"[0m));
  [90m978 |[0m   [36mconst[0m [activeCategory, setActiveCategory] = 
useState([32m"All"[0m);

Ecmascript file had an error

Import traces:
  Client Component Browser:
    ./app/insights/page.tsx [Client Component Browser]
    ./app/insights/page.tsx [Server Component]

  Client Component SSR:
    ./app/insights/page.tsx [Client Component SSR]
    ./app/insights/page.tsx [Server Component]


./app/insights/page.tsx:357:10
the name `Navbar` is defined multiple times
  [90m355 |[0m }
  [90m356 |[0m [36mimport[0m { motion, [33mAnimatePresence[0m } 
[36mfrom[0m [32m"framer-motion"[0m;
[31m[1m>[0m [90m357 |[0m [36mimport[0m { [33mNavbar[0m } 
[36mfrom[0m [32m"@/components/layout/Navbar"[0m;
  [90m    |[0m          [31m[1m^^^^^^[0m
  [90m358 |[0m [36mimport[0m { [33mFooter[0m } [36mfrom[0m 
[32m"@/components/layout/Footer"[0m;
  [90m359 |[0m [36mimport[0m { [33mZap[0m, [33mTrendingUp[0m, 
[33mBookOpen[0m, [33mUsers[0m, [33mArrowRight[0m, [33mCalendar[0m, 
[33mClock[0m, [33mChevronRight[0m, [33mX[0m, [33m...[0m
  [90m360 |[0m [36mimport[0m { useUser } [36mfrom[0m 
[32m"@clerk/nextjs"[0m;

Ecmascript file had an error

Import traces:
  Client Component Browser:
    ./app/insights/page.tsx [Client Component Browser]
    ./app/insights/page.tsx [Server Component]

  Client Component SSR:
    ./app/insights/page.tsx [Client Component SSR]
    ./app/insights/page.tsx [Server Component]


./app/insights/page.tsx:359:110
the name `Plus` is defined multiple times
  [90m357 |[0m ...
  [90m358 |[0m ...
[31m[1m>[0m [90m359 |[0m ...[33mck[0m, [33mChevronRight[0m, 
[33mX[0m, [33mShield[0m, [33mLock[0m, [33mMail[0m, [33mPlus[0m } 
[36mfrom[0m [32m"lucide-react"[0m;
  [90m    |[0m                                             [31m[1m^^^^[0m
  [90m360 |[0m ...
  [90m361 |[0m ...
  [90m362 |[0m ...[32mct"[0m, [32m"Community"[0m, [32m"Growth"[0m];

Ecmascript file had an error

Import traces:
  Client Component Browser:
    ./app/insights/page.tsx [Client Component Browser]
    ./app/insights/page.tsx [Server Component]

  Client Component SSR:
    ./app/insights/page.tsx [Client Component SSR]
    ./app/insights/page.tsx [Server Component]


./app/insights/page.tsx:359:87
the name `X` is defined multiple times
  [90m357 |[0m ...[32m/Navbar"[0m;
  [90m358 |[0m ...[32m/Footer"[0m;
[31m[1m>[0m [90m359 |[0m ...[33mArrowRight[0m, [33mCalendar[0m, 
[33mClock[0m, [33mChevronRight[0m, [33mX[0m, [33mShield[0m, 
[33mLock[0m, [33mMail[0m, [33mPlus[0m } [36mfrom[0m 
[32m"lucide-...[0m
  [90m    |[0m                                               [31m[1m^[0m
  [90m360 |[0m ...
  [90m361 |[0m ...
  [90m362 |[0m ...[32my"[0m, [32m"Fundraising"[0m, [32m"Product"[0m, 
[32m"Community"[0m, [32m"Growth"[0m];

Ecmascript file had an error

Import traces:
  Client Component Browser:
    ./app/insights/page.tsx [Client Component Browser]
    ./app/insights/page.tsx [Server Component]

  Client Component SSR:
    ./app/insights/page.tsx [Client Component SSR]
    ./app/insights/page.tsx [Server Component]


./app/insights/page.tsx:975:1
the name `default` is exported multiple times
  [90m 973 |[0m });
  [90m 974 |[0m
[31m[1m>[0m [90m 975 |[0m [36mexport[0m [36mdefault[0m 
[36mfunction[0m [33mInsightsPage[0m() {
  [90m     |[0m [31m[1m^^^^^^^^^^^^^^^^^^^^^^^^^^^^^^^^^^^^^^^[0m
[31m[1m>[0m [90m 976 |[0m   [36mconst[0m { user } = useUser();
  [90m     |[0m [31m[1m^^^^^^^^^^^^^^^^^^^^^^^^^^^^^[0m
[31m[1m>[0m [90m 977 |[0m   [36mconst[0m isGsfTeam = 
user?.emailAddresses?.some(e => e.emailAddress.includes([32m"@gsf"[0m));
  [90m     |[0m [31m[1m^^^^^^^^^^^^^^^^^^^^^^^^^^^^^^^^^^^^^^^^^^^^^^^^^^^^
^^^^^^^^^^^^^^^^^^^^^^^^^^^^^^^^^[0m
[31m[1m>[0m [90m 978 |[0m   [36mconst[0m [activeCategory, 
setActiveCategory] = useState([32m"All"[0m);
  [90m     |[0m 
[31m[1m^^^^^^^^^^^^^^^^^^^^^^^^^^^^^^^^^^^^^^^^^^^^^^^^^^^^^^^^^^^^^^[0m
[31m[1m>[0m [90m 979 |[0m   [36mconst[0m [openArticle,    
setOpenArticle]    = useState<[33mArticle[0m | [36mnull[0m>([36mnull[0m);
  [90m     |[0m [31m[1m^^^^^^^^^^^^^^^^^^^^^^^^^^^^^^^^^^^^^^^^^^^^^^^^^^^^
^^^^^^^^^^^^^^^^^^^^^^^^^[0m
[31m[1m>[0m [90m 980 |[0m   [36mconst[0m [email,          setEmail]     
     = useState([32m""[0m);
  [90m     |[0m 
[31m[1m^^^^^^^^^^^^^^^^^^^^^^^^^^^^^^^^^^^^^^^^^^^^^^^^^^^^^^^^^^^[0m
[31m[1m>[0m [90m 981 |[0m   [36mconst[0m [subscribed,     
setSubscribed]     = useState([36mfalse[0m);
  [90m     |[0m 
[31m[1m^^^^^^^^^^^^^^^^^^^^^^^^^^^^^^^^^^^^^^^^^^^^^^^^^^^^^^^^^^^^^^[0m
[31m[1m>[0m [90m 982 |[0m
  [90m     |[0m [31m[1m^[0m
[31m[1m>[0m [90m 983 |[0m   [36mconst[0m filtered = activeCategory === 
[32m"All"[0m ? [33mARTICLES[0m : [33mARTICLES[0m.filter(a => 
a.category...
  [90m     |[0m [31m[1m^^^^^^^^^^^^^^^^^^^^^^^^^^^^^^^^^^^^^^^^^^^^^^^^^^^^
^^^^^^^^^^^^^^^^^^^^^^^^^^^^^^^^^^^^^^^[0m
[31m[1m>[0m [90m 984 |[0m   [36mconst[0m featured = filtered.find(a => 
a.featured) || filtered[[35m0[0m];
  [90m     |[0m 
[31m[1m^^^^^^^^^^^^^^^^^^^^^^^^^^^^^^^^^^^^^^^^^^^^^^^^^^^^^^^^^^^^^^^^^[0m
[31m[1m>[0m [90m 985 |[0m   [36mconst[0m rest      = filtered.filter(a 
=> a !== featured);
  [90m     |[0m 
[31m[1m^^^^^^^^^^^^^^^^^^^^^^^^^^^^^^^^^^^^^^^^^^^^^^^^^^^^^^^^^[0m
[31m[1m>[0m [90m 986 |[0m
  [90m     |[0m [31m[1m^[0m
[31m[1m>[0m [90m 987 |[0m   [36mreturn[0m (
  [90m     |[0m [31m[1m^^^^^^^^^^[0m
[31m[1m>[0m [90m 988 |[0m     <>
  [90m     |[0m [31m[1m^^^^^^[0m
[31m[1m>[0m [90m 989 |[0m       <[33mNavbar[0m />
  [90m     |[0m [31m[1m^^^^^^^^^^^^^^^^[0m
[31m[1m>[0m [90m 990 |[0m       <main className=[32m"pt-24 
min-h-screen"[0m style={{ backgroundColor: [32m"var(--bg-base)"[0m }}>
  [90m     |[0m [31m[1m^^^^^^^^^^^^^^^^^^^^^^^^^^^^^^^^^^^^^^^^^^^^^^^^^^^^
^^^^^^^^^^^^^^^^^^^^^^^^^^^^^^^^^^^^^[0m
[31m[1m>[0m [90m 991 |[0m
  [90m     |[0m [31m[1m^[0m
[31m[1m>[0m [90m 992 |[0m         {[90m/* Hero */[0m}
  [90m     |[0m [31m[1m^^^^^^^^^^^^^^^^^^^^[0m
[31m[1m>[0m [90m 993 |[0m         <section className=[32m"relative 
section-padding bg-soft-pattern overflow-hidden"[0m>
  [90m     |[0m [31m[1m^^^^^^^^^^^^^^^^^^^^^^^^^^^^^^^^^^^^^^^^^^^^^^^^^^^^
^^^^^^^^^^^^^^^^^^^^^^^^^^^^^^^^^^[0m
[31m[1m>[0m [90m 994 |[0m           <div className=[32m"absolute inset-0 
bg-dot-grid opacity-20 pointer-events-none"[0m />
  [90m     |[0m [31m[1m^^^^^^^^^^^^^^^^^^^^^^^^^^^^^^^^^^^^^^^^^^^^^^^^^^^^
^^^^^^^^^^^^^^^^^^^^^^^^^^^^^^^^^^^^^[0m
[31m[1m>[0m [90m 995 |[0m           <div className=[32m"absolute top-0 
right-0 w-96 h-96 rounded-full blur-[120px] poi...[0m
  [90m     |[0m [31m[1m^^^^^^^^^^^^^^^^^^^^^^^^^^^^^^^^^^^^^^^^^^^^^^^^^^^^
^^^^^^^^^^^^^^^^^^^^^^^^^^^^^^^^^^^^^^^[0m
[31m[1m>[0m [90m 996 |[0m           <div 
className=[32m"section-container relative z-10"[0m>
  [90m     |[0m 
[31m[1m^^^^^^^^^^^^^^^^^^^^^^^^^^^^^^^^^^^^^^^^^^^^^^^^^^^^^^^^^^^[0m
[31m[1m>[0m [90m 997 |[0m             <motion.div {...fadeUp([35m0[0m)} 
className=[32m"text-center max-w-3xl mx-auto"[0m>
  [90m     |[0m [31m[1m^^^^^^^^^^^^^^^^^^^^^^^^^^^^^^^^^^^^^^^^^^^^^^^^^^^^
^^^^^^^^^^^^^^^^^^^^^^^^^^^^^[0m
[31m[1m>[0m [90m 998 |[0m               <span className=[32m"badge 
badge-blue mb-6"[0m><[33mZap[0m className=[32m"size-3"[0m /> [33mGSF[0m 
[33mIns...[0m
  [90m     |[0m [31m[1m^^^^^^^^^^^^^^^^^^^^^^^^^^^^^^^^^^^^^^^^^^^^^^^^^^^^
^^^^^^^^^^^^^^^^^^^^^^^^^^^^^^^^^^^^^^^[0m
[31m[1m>[0m [90m 999 |[0m               <h1 className=[32m"text-5xl 
sm:text-6xl tracking-tight mb-6"[0m style={{ fontFami...
  [90m     |[0m [31m[1m^^^^^^^^^^^^^^^^^^^^^^^^^^^^^^^^^^^^^^^^^^^^^^^^^^^^
^^^^^^^^^^^^^^^^^^^^^^^^^^^^^^^^^^^^^^^[0m
[31m[1m>[0m [90m1000 |[0m                 [33mFounder[0m 
knowledge,{[32m" "[0m}
  [90m     |[0m [31m[1m^^^^^^^^^^^^^^^^^^^^^^^^^^^^^^^^^^^^^^^[0m
[31m[1m>[0m [90m1001 |[0m                 <em className=[32m"not-italic 
text-gradient-primary"[0m>no gatekeepers.</em>
  [90m     |[0m [31m[1m^^^^^^^^^^^^^^^^^^^^^^^^^^^^^^^^^^^^^^^^^^^^^^^^^^^^
^^^^^^^^^^^^^^^^^^^^^^^^^^^^^^^^^[0m
[31m[1m>[0m [90m1002 |[0m               </h1>
  [90m     |[0m [31m[1m^^^^^^^^^^^^^^^^^^^[0m
[31m[1m>[0m [90m1003 |[0m               <p className=[32m"text-xl 
leading-relaxed"[0m style={{ color: [32m"var(--text-seconda...[0m
  [90m     |[0m [31m[1m^^^^^^^^^^^^^^^^^^^^^^^^^^^^^^^^^^^^^^^^^^^^^^^^^^^^
^^^^^^^^^^^^^^^^^^^^^^^^^^^^^^^^^^^^^^^[0m
[31m[1m>[0m [90m1004 |[0m                 [33mPlaybooks[0m, frameworks, 
and real talk [36mfrom[0m the builders who&apos;ve been ...
  [90m     |[0m [31m[1m^^^^^^^^^^^^^^^^^^^^^^^^^^^^^^^^^^^^^^^^^^^^^^^^^^^^
^^^^^^^^^^^^^^^^^^^^^^^^^^^^^^^^^^^^^^^[0m
[31m[1m>[0m [90m1005 |[0m                 [33mWritten[0m by the 
[33mGSF[0m team ΓÇö free forever.
  [90m     |[0m 
[31m[1m^^^^^^^^^^^^^^^^^^^^^^^^^^^^^^^^^^^^^^^^^^^^^^^^^^^^^^^[0m
[31m[1m>[0m [90m1006 |[0m               </p>
  [90m     |[0m [31m[1m^^^^^^^^^^^^^^^^^^[0m
[31m[1m>[0m [90m1007 |[0m             </motion.div>
  [90m     |[0m [31m[1m^^^^^^^^^^^^^^^^^^^^^^^^^[0m
[31m[1m>[0m [90m1008 |[0m
  [90m     |[0m [31m[1m^[0m
[31m[1m>[0m [90m1009 |[0m             {[90m/* GSF-only authoring notice 
*/[0m}
  [90m     |[0m [31m[1m^^^^^^^^^^^^^^^^^^^^^^^^^^^^^^^^^^^^^^^^^^^^^[0m
[31m[1m>[0m [90m1010 |[0m             <motion.div 
{...fadeUp([35m0.1[0m)} className=[32m"flex items-center justify-center 
mt-8"[0m>
  [90m     |[0m [31m[1m^^^^^^^^^^^^^^^^^^^^^^^^^^^^^^^^^^^^^^^^^^^^^^^^^^^^
^^^^^^^^^^^^^^^^^^^^^^^^^^^^^^^^^^^^^^^[0m
[31m[1m>[0m [90m1011 |[0m               <div className=[32m"inline-flex 
items-center gap-3 px-4 py-2.5 rounded-xl"[0m
  [90m     |[0m [31m[1m^^^^^^^^^^^^^^^^^^^^^^^^^^^^^^^^^^^^^^^^^^^^^^^^^^^^
^^^^^^^^^^^^^^^^^^^^^^^^^^^^^^^^[0m
[31m[1m>[0m [90m1012 |[0m                 style={{ backgroundColor: 
[32m"rgba(91,108,255,0.07)"[0m, border: [32m"1px solid rg...[0m
  [90m     |[0m [31m[1m^^^^^^^^^^^^^^^^^^^^^^^^^^^^^^^^^^^^^^^^^^^^^^^^^^^^
^^^^^^^^^^^^^^^^^^^^^^^^^^^^^^^^^^^^^^^[0m
[31m[1m>[0m [90m1013 |[0m                 <[33mShield[0m 
className=[32m"size-4 shrink-0"[0m style={{ color: 
[32m"var(--accent-indigo..[0m.
  [90m     |[0m [31m[1m^^^^^^^^^^^^^^^^^^^^^^^^^^^^^^^^^^^^^^^^^^^^^^^^^^^^
^^^^^^^^^^^^^^^^^^^^^^^^^^^^^^^^^^^^^^^[0m
[31m[1m>[0m [90m1014 |[0m                 <span 
className=[32m"text-sm"[0m style={{ color: [32m"var(--text-secondary)"[0m 
}}>
  [90m     |[0m [31m[1m^^^^^^^^^^^^^^^^^^^^^^^^^^^^^^^^^^^^^^^^^^^^^^^^^^^^
^^^^^^^^^^^^^^^^^^^^^^^^^^^^^^^^^[0m
[31m[1m>[0m [90m1015 |[0m                   <strong style={{ color: 
[32m"var(--text-primary)"[0m }}>[33mGSF[0m [33mTeam[0m only</strong...
  [90m     |[0m [31m[1m^^^^^^^^^^^^^^^^^^^^^^^^^^^^^^^^^^^^^^^^^^^^^^^^^^^^
^^^^^^^^^^^^^^^^^^^^^^^^^^^^^^^^^^^^^^^[0m
[31m[1m>[0m [90m1016 |[0m                   <span className=[32m"ml-1 
font-mono text-xs px-1.5 py-0.5 rounded"[0m style={...
  [90m     |[0m [31m[1m^^^^^^^^^^^^^^^^^^^^^^^^^^^^^^^^^^^^^^^^^^^^^^^^^^^^
^^^^^^^^^^^^^^^^^^^^^^^^^^^^^^^^^^^^^^^[0m
[31m[1m>[0m [90m1017 |[0m                 </span>
  [90m     |[0m [31m[1m^^^^^^^^^^^^^^^^^^^^^^^[0m
[31m[1m>[0m [90m1018 |[0m                 <[33mLock[0m 
className=[32m"size-3.5 shrink-0"[0m style={{ color: 
[32m"var(--text-muted)"[0m ...
  [90m     |[0m [31m[1m^^^^^^^^^^^^^^^^^^^^^^^^^^^^^^^^^^^^^^^^^^^^^^^^^^^^
^^^^^^^^^^^^^^^^^^^^^^^^^^^^^^^^^^^^^^^[0m
[31m[1m>[0m [90m1019 |[0m               </div>
  [90m     |[0m [31m[1m^^^^^^^^^^^^^^^^^^^^[0m
[31m[1m>[0m [90m1020 |[0m             </motion.div>
  [90m     |[0m [31m[1m^^^^^^^^^^^^^^^^^^^^^^^^^[0m
[31m[1m>[0m [90m1021 |[0m
  [90m     |[0m [31m[1m^[0m
[31m[1m>[0m [90m1022 |[0m             {isGsfTeam && (
  [90m     |[0m [31m[1m^^^^^^^^^^^^^^^^^^^^^^^^^^^[0m
[31m[1m>[0m [90m1023 |[0m               <motion.div 
{...fadeUp([35m0.12[0m)} className=[32m"flex justify-center mt-6"[0m>
  [90m     |[0m [31m[1m^^^^^^^^^^^^^^^^^^^^^^^^^^^^^^^^^^^^^^^^^^^^^^^^^^^^
^^^^^^^^^^^^^^^^^^^^^^^^^^^^^[0m
[31m[1m>[0m [90m1024 |[0m                 <button 
className=[32m"btn-primary text-sm py-2 px-5 flex items-center gap-2.[0m..
  [90m     |[0m [31m[1m^^^^^^^^^^^^^^^^^^^^^^^^^^^^^^^^^^^^^^^^^^^^^^^^^^^^
^^^^^^^^^^^^^^^^^^^^^^^^^^^^^^^^^^^^^^^[0m
[31m[1m>[0m [90m1025 |[0m                   <[33mPlus[0m 
className=[32m"size-4"[0m /> [33mPost[0m [33mArticle[0m
  [90m     |[0m 
[31m[1m^^^^^^^^^^^^^^^^^^^^^^^^^^^^^^^^^^^^^^^^^^^^^^^^^^^^^^^^^^[0m
[31m[1m>[0m [90m1026 |[0m                 </button>
  [90m     |[0m [31m[1m^^^^^^^^^^^^^^^^^^^^^^^^^[0m
[31m[1m>[0m [90m1027 |[0m               </motion.div>
  [90m     |[0m [31m[1m^^^^^^^^^^^^^^^^^^^^^^^^^^^[0m
[31m[1m>[0m [90m1028 |[0m             )}
  [90m     |[0m [31m[1m^^^^^^^^^^^^^^[0m
[31m[1m>[0m [90m1029 |[0m
  [90m     |[0m [31m[1m^[0m
[31m[1m>[0m [90m1030 |[0m             {[90m/* Stats */[0m}
  [90m     |[0m [31m[1m^^^^^^^^^^^^^^^^^^^^^^^^^[0m
[31m[1m>[0m [90m1031 |[0m             <motion.div 
{...fadeUp([35m0.15[0m)} className=[32m"flex flex-wrap items-center 
justify...[0m
  [90m     |[0m [31m[1m^^^^^^^^^^^^^^^^^^^^^^^^^^^^^^^^^^^^^^^^^^^^^^^^^^^^
^^^^^^^^^^^^^^^^^^^^^^^^^^^^^^^^^^^^^^^[0m
[31m[1m>[0m [90m1032 |[0m               {[33mSTATS[0m.map(({ value, 
label, icon: [33mIcon[0m }) => (
  [90m     |[0m 
[31m[1m^^^^^^^^^^^^^^^^^^^^^^^^^^^^^^^^^^^^^^^^^^^^^^^^^^^^^^^^^^^^[0m
[31m[1m>[0m [90m1033 |[0m                 <div key={label} 
className=[32m"flex items-center gap-3"[0m>
  [90m     |[0m [31m[1m^^^^^^^^^^^^^^^^^^^^^^^^^^^^^^^^^^^^^^^^^^^^^^^^^^^^
^^^^^^^^^^^^^^^^^[0m
[31m[1m>[0m [90m1034 |[0m                   <div className=[32m"size-10 
rounded-xl flex items-center justify-center"[0m s...
  [90m     |[0m [31m[1m^^^^^^^^^^^^^^^^^^^^^^^^^^^^^^^^^^^^^^^^^^^^^^^^^^^^
^^^^^^^^^^^^^^^^^^^^^^^^^^^^^^^^^^^^^^^[0m
[31m[1m>[0m [90m1035 |[0m                     <[33mIcon[0m 
className=[32m"size-5"[0m style={{ color: [32m"var(--accent-indigo)"[0m }} 
/>
  [90m     |[0m [31m[1m^^^^^^^^^^^^^^^^^^^^^^^^^^^^^^^^^^^^^^^^^^^^^^^^^^^^
^^^^^^^^^^^^^^^^^^^^^^^^^^^^^^^^^^^^^[0m
[31m[1m>[0m [90m1036 |[0m                   </div>
  [90m     |[0m [31m[1m^^^^^^^^^^^^^^^^^^^^^^^^[0m
[31m[1m>[0m [90m1037 |[0m                   <div>
  [90m     |[0m [31m[1m^^^^^^^^^^^^^^^^^^^^^^^[0m
[31m[1m>[0m [90m1038 |[0m                     <p className=[32m"text-xl 
font-bold"[0m style={{ color: [32m"var(--text-primary..[0m.
  [90m     |[0m [31m[1m^^^^^^^^^^^^^^^^^^^^^^^^^^^^^^^^^^^^^^^^^^^^^^^^^^^^
^^^^^^^^^^^^^^^^^^^^^^^^^^^^^^^^^^^^^^^[0m
[31m[1m>[0m [90m1039 |[0m                     <p 
className=[32m"text-xs"[0m style={{ color: [32m"var(--text-muted)"[0m 
}}>{label...
  [90m     |[0m [31m[1m^^^^^^^^^^^^^^^^^^^^^^^^^^^^^^^^^^^^^^^^^^^^^^^^^^^^
^^^^^^^^^^^^^^^^^^^^^^^^^^^^^^^^^^^^^^^[0m
[31m[1m>[0m [90m1040 |[0m                   </div>
  [90m     |[0m [31m[1m^^^^^^^^^^^^^^^^^^^^^^^^[0m
[31m[1m>[0m [90m1041 |[0m                 </div>
  [90m     |[0m [31m[1m^^^^^^^^^^^^^^^^^^^^^^[0m
[31m[1m>[0m [90m1042 |[0m               ))}
  [90m     |[0m [31m[1m^^^^^^^^^^^^^^^^^[0m
[31m[1m>[0m [90m1043 |[0m             </motion.div>
  [90m     |[0m [31m[1m^^^^^^^^^^^^^^^^^^^^^^^^^[0m
[31m[1m>[0m [90m1044 |[0m           </div>
  [90m     |[0m [31m[1m^^^^^^^^^^^^^^^^[0m
[31m[1m>[0m [90m1045 |[0m         </section>
  [90m     |[0m [31m[1m^^^^^^^^^^^^^^^^^^[0m
[31m[1m>[0m [90m1046 |[0m
  [90m     |[0m [31m[1m^[0m
[31m[1m>[0m [90m1047 |[0m         {[90m/* Category filter */[0m}
  [90m     |[0m [31m[1m^^^^^^^^^^^^^^^^^^^^^^^^^^^^^^^[0m
[31m[1m>[0m [90m1048 |[0m         <section className=[32m"border-b 
sticky top-16 z-30 backdrop-blur-md"[0m style={{ backg...
  [90m     |[0m [31m[1m^^^^^^^^^^^^^^^^^^^^^^^^^^^^^^^^^^^^^^^^^^^^^^^^^^^^
^^^^^^^^^^^^^^^^^^^^^^^^^^^^^^^^^^^^^^^[0m
[31m[1m>[0m [90m1049 |[0m           <div 
className=[32m"section-container"[0m>
  [90m     |[0m [31m[1m^^^^^^^^^^^^^^^^^^^^^^^^^^^^^^^^^^^^^^^^^^^^^[0m
[31m[1m>[0m [90m1050 |[0m             <div className=[32m"flex gap-1 
py-2 overflow-x-auto"[0m>
  [90m     |[0m 
[31m[1m^^^^^^^^^^^^^^^^^^^^^^^^^^^^^^^^^^^^^^^^^^^^^^^^^^^^^^^^^^^^^[0m
[31m[1m>[0m [90m1051 |[0m               {[33mCATEGORIES[0m.map((cat) => 
(
  [90m     |[0m [31m[1m^^^^^^^^^^^^^^^^^^^^^^^^^^^^^^^^^^^^^^^^[0m
[31m[1m>[0m [90m1052 |[0m                 <button key={cat} onClick={() 
=> setActiveCategory(cat)}
  [90m     |[0m [31m[1m^^^^^^^^^^^^^^^^^^^^^^^^^^^^^^^^^^^^^^^^^^^^^^^^^^^^
^^^^^^^^^^^^^^^^^^^^[0m
[31m[1m>[0m [90m1053 |[0m                   className=[32m"px-4 py-2 
rounded-lg text-sm font-medium flex-shrink-0 tran...[0m
  [90m     |[0m [31m[1m^^^^^^^^^^^^^^^^^^^^^^^^^^^^^^^^^^^^^^^^^^^^^^^^^^^^
^^^^^^^^^^^^^^^^^^^^^^^^^^^^^^^^^^^^^^^[0m
[31m[1m>[0m [90m1054 |[0m                   style={{
  [90m     |[0m [31m[1m^^^^^^^^^^^^^^^^^^^^^^^^^^[0m
[31m[1m>[0m [90m1055 |[0m                     backgroundColor: 
activeCategory === cat ? [32m"rgba(91,108,255,0.1)"[0m : [32m"...[0m
  [90m     |[0m [31m[1m^^^^^^^^^^^^^^^^^^^^^^^^^^^^^^^^^^^^^^^^^^^^^^^^^^^^
^^^^^^^^^^^^^^^^^^^^^^^^^^^^^^^^^^^^^^^[0m
[31m[1m>[0m [90m1056 |[0m                     color: activeCategory === 
cat ? [32m"var(--accent-indigo)"[0m : [32m"var(--text...[0m
  [90m     |[0m [31m[1m^^^^^^^^^^^^^^^^^^^^^^^^^^^^^^^^^^^^^^^^^^^^^^^^^^^^
^^^^^^^^^^^^^^^^^^^^^^^^^^^^^^^^^^^^^^^[0m
[31m[1m>[0m [90m1057 |[0m                     border: activeCategory === 
cat ? [32m"1px solid rgba(91,108,255,0.2)"[0m : [32m...[0m
  [90m     |[0m [31m[1m^^^^^^^^^^^^^^^^^^^^^^^^^^^^^^^^^^^^^^^^^^^^^^^^^^^^
^^^^^^^^^^^^^^^^^^^^^^^^^^^^^^^^^^^^^^^[0m
[31m[1m>[0m [90m1058 |[0m                   }}>
  [90m     |[0m [31m[1m^^^^^^^^^^^^^^^^^^^^^[0m
[31m[1m>[0m [90m1059 |[0m                   {cat}
  [90m     |[0m [31m[1m^^^^^^^^^^^^^^^^^^^^^^^[0m
[31m[1m>[0m [90m1060 |[0m                 </button>
  [90m     |[0m [31m[1m^^^^^^^^^^^^^^^^^^^^^^^^^[0m
[31m[1m>[0m [90m1061 |[0m               ))}
  [90m     |[0m [31m[1m^^^^^^^^^^^^^^^^^[0m
[31m[1m>[0m [90m1062 |[0m             </div>
  [90m     |[0m [31m[1m^^^^^^^^^^^^^^^^^^[0m
[31m[1m>[0m [90m1063 |[0m           </div>
  [90m     |[0m [31m[1m^^^^^^^^^^^^^^^^[0m
[31m[1m>[0m [90m1064 |[0m         </section>
  [90m     |[0m [31m[1m^^^^^^^^^^^^^^^^^^[0m
[31m[1m>[0m [90m1065 |[0m
  [90m     |[0m [31m[1m^[0m
[31m[1m>[0m [90m1066 |[0m         {[90m/* Articles */[0m}
  [90m     |[0m [31m[1m^^^^^^^^^^^^^^^^^^^^^^^^[0m
[31m[1m>[0m [90m1067 |[0m         <section 
className=[32m"section-container section-padding"[0m>
  [90m     |[0m 
[31m[1m^^^^^^^^^^^^^^^^^^^^^^^^^^^^^^^^^^^^^^^^^^^^^^^^^^^^^^^^^^^^^^^[0m
[31m[1m>[0m [90m1068 |[0m           {[90m/* Featured */[0m}
  [90m     |[0m [31m[1m^^^^^^^^^^^^^^^^^^^^^^^^^^[0m
[31m[1m>[0m [90m1069 |[0m           {featured && (
  [90m     |[0m [31m[1m^^^^^^^^^^^^^^^^^^^^^^^^[0m
[31m[1m>[0m [90m1070 |[0m             <motion.div {...fadeUp([35m0[0m)} 
className=[32m"mb-12"[0m>
  [90m     |[0m 
[31m[1m^^^^^^^^^^^^^^^^^^^^^^^^^^^^^^^^^^^^^^^^^^^^^^^^^^^^^^^^^[0m
[31m[1m>[0m [90m1071 |[0m               <div className=[32m"card p-8 
lg:p-12 card-hover relative overflow-hidden curso...[0m
  [90m     |[0m [31m[1m^^^^^^^^^^^^^^^^^^^^^^^^^^^^^^^^^^^^^^^^^^^^^^^^^^^^
^^^^^^^^^^^^^^^^^^^^^^^^^^^^^^^^^^^^^^^[0m
[31m[1m>[0m [90m1072 |[0m                 style={{ background: 
[32m`linear-gradient([0m${featured.gradient[32m})`[0m }}
  [90m     |[0m [31m[1m^^^^^^^^^^^^^^^^^^^^^^^^^^^^^^^^^^^^^^^^^^^^^^^^^^^^
^^^^^^^^^^^^^^^^^^^^^^^^^^^[0m
[31m[1m>[0m [90m1073 |[0m                 onClick={() => 
setOpenArticle(featured)}>
  [90m     |[0m 
[31m[1m^^^^^^^^^^^^^^^^^^^^^^^^^^^^^^^^^^^^^^^^^^^^^^^^^^^^^^^^^[0m
[31m[1m>[0m [90m1074 |[0m                 <div className=[32m"relative 
z-10 grid grid-cols-1 lg:grid-cols-2 gap-8 item...[0m
  [90m     |[0m [31m[1m^^^^^^^^^^^^^^^^^^^^^^^^^^^^^^^^^^^^^^^^^^^^^^^^^^^^
^^^^^^^^^^^^^^^^^^^^^^^^^^^^^^^^^^^^^^^[0m
[31m[1m>[0m [90m1075 |[0m                   <div>
  [90m     |[0m [31m[1m^^^^^^^^^^^^^^^^^^^^^^^[0m
[31m[1m>[0m [90m1076 |[0m                     <div className=[32m"flex 
items-center gap-3 mb-4"[0m>
  [90m     |[0m 
[31m[1m^^^^^^^^^^^^^^^^^^^^^^^^^^^^^^^^^^^^^^^^^^^^^^^^^^^^^^^^^^^^^^^^^^[0m
[31m[1m>[0m [90m1077 |[0m                       <span 
className=[32m"badge text-xs"[0m style={{ backgroundColor: 
[32m`[0m${featu...
  [90m     |[0m [31m[1m^^^^^^^^^^^^^^^^^^^^^^^^^^^^^^^^^^^^^^^^^^^^^^^^^^^^
^^^^^^^^^^^^^^^^^^^^^^^^^^^^^^^^^^^^^^^[0m
[31m[1m>[0m [90m1078 |[0m                       <span 
className=[32m"badge badge-warm text-[10px]"[0m>Γÿà [33mFeatured[0m</span>
  [90m     |[0m [31m[1m^^^^^^^^^^^^^^^^^^^^^^^^^^^^^^^^^^^^^^^^^^^^^^^^^^^^
^^^^^^^^^^^^^^^^^^^^^^^^^^^^^^^^^^[0m
[31m[1m>[0m [90m1079 |[0m                     </div>
  [90m     |[0m [31m[1m^^^^^^^^^^^^^^^^^^^^^^^^^^[0m
[31m[1m>[0m [90m1080 |[0m                     <h2 
className=[32m"text-3xl sm:text-4xl mb-4"[0m style={{ fontFamily: 
[32m"'Pla...[0m
  [90m     |[0m [31m[1m^^^^^^^^^^^^^^^^^^^^^^^^^^^^^^^^^^^^^^^^^^^^^^^^^^^^
^^^^^^^^^^^^^^^^^^^^^^^^^^^^^^^^^^^^^^^[0m
[31m[1m>[0m [90m1081 |[0m                     <p 
className=[32m"text-base leading-relaxed mb-6"[0m style={{ color: 
[32m"var(-...[0m
  [90m     |[0m [31m[1m^^^^^^^^^^^^^^^^^^^^^^^^^^^^^^^^^^^^^^^^^^^^^^^^^^^^
^^^^^^^^^^^^^^^^^^^^^^^^^^^^^^^^^^^^^^^[0m
[31m[1m>[0m [90m1082 |[0m                     <div className=[32m"flex 
items-center gap-4 text-sm mb-6"[0m style={{ color..[32m.[0m
  [90m     |[0m [31m[1m^^^^^^^^^^^^^^^^^^^^^^^^^^^^^^^^^^^^^^^^^^^^^^^^^^^^
^^^^^^^^^^^^^^^^^^^^^^^^^^^^^^^^^^^^^^^[0m
[31m[1m>[0m [90m1083 |[0m                       <span 
className=[32m"flex items-center gap-1"[0m><[33mUsers[0m 
className=[32m"size-3...[0m
  [90m     |[0m [31m[1m^^^^^^^^^^^^^^^^^^^^^^^^^^^^^^^^^^^^^^^^^^^^^^^^^^^^
^^^^^^^^^^^^^^^^^^^^^^^^^^^^^^^^^^^^^^^[0m
[31m[1m>[0m [90m1084 |[0m                       <span 
className=[32m"flex items-center gap-1"[0m><[33mCalendar[0m 
className=[32m"siz...[0m
  [90m     |[0m [31m[1m^^^^^^^^^^^^^^^^^^^^^^^^^^^^^^^^^^^^^^^^^^^^^^^^^^^^
^^^^^^^^^^^^^^^^^^^^^^^^^^^^^^^^^^^^^^^[0m
[31m[1m>[0m [90m1085 |[0m                       <span 
className=[32m"flex items-center gap-1"[0m><[33mClock[0m 
className=[32m"size-3...[0m
  [90m     |[0m [31m[1m^^^^^^^^^^^^^^^^^^^^^^^^^^^^^^^^^^^^^^^^^^^^^^^^^^^^
^^^^^^^^^^^^^^^^^^^^^^^^^^^^^^^^^^^^^^^[0m
[31m[1m>[0m [90m1086 |[0m                     </div>
  [90m     |[0m [31m[1m^^^^^^^^^^^^^^^^^^^^^^^^^^[0m
[31m[1m>[0m [90m1087 |[0m                     <button onClick={() => 
setOpenArticle(featured)} className=[32m"btn-prim...[0m
  [90m     |[0m [31m[1m^^^^^^^^^^^^^^^^^^^^^^^^^^^^^^^^^^^^^^^^^^^^^^^^^^^^
^^^^^^^^^^^^^^^^^^^^^^^^^^^^^^^^^^^^^^^[0m
[31m[1m>[0m [90m1088 |[0m                       [33mRead[0m article 
<[33mArrowRight[0m className=[32m"size-4"[0m />
  [90m     |[0m [31m[1m^^^^^^^^^^^^^^^^^^^^^^^^^^^^^^^^^^^^^^^^^^^^^^^^^^^^
^^^^^^^^^^^^^^^^[0m
[31m[1m>[0m [90m1089 |[0m                     </button>
  [90m     |[0m [31m[1m^^^^^^^^^^^^^^^^^^^^^^^^^^^^^[0m
[31m[1m>[0m [90m1090 |[0m                   </div>
  [90m     |[0m [31m[1m^^^^^^^^^^^^^^^^^^^^^^^^[0m
[31m[1m>[0m [90m1091 |[0m                   <div className=[32m"hidden 
lg:flex items-center justify-center"[0m>
  [90m     |[0m [31m[1m^^^^^^^^^^^^^^^^^^^^^^^^^^^^^^^^^^^^^^^^^^^^^^^^^^^^
^^^^^^^^^^^^^^^^^^^^^^^^^^[0m
[31m[1m>[0m [90m1092 |[0m                     <div 
className=[32m"size-48 rounded-full flex items-center justify-center"[0m
  [90m     |[0m [31m[1m^^^^^^^^^^^^^^^^^^^^^^^^^^^^^^^^^^^^^^^^^^^^^^^^^^^^
^^^^^^^^^^^^^^^^^^^^^^^^^^^^^^^^^^^^^^[0m
[31m[1m>[0m [90m1093 |[0m                       style={{ background: 
[32m`[0m${featured.accentColor[32m}14`[0m, border: [32m`2px sol...[0m
  [90m     |[0m [31m[1m^^^^^^^^^^^^^^^^^^^^^^^^^^^^^^^^^^^^^^^^^^^^^^^^^^^^
^^^^^^^^^^^^^^^^^^^^^^^^^^^^^^^^^^^^^^^[0m
[31m[1m>[0m [90m1094 |[0m                       <[33mBookOpen[0m 
className=[32m"size-16 opacity-60"[0m style={{ color: featured....
  [90m     |[0m [31m[1m^^^^^^^^^^^^^^^^^^^^^^^^^^^^^^^^^^^^^^^^^^^^^^^^^^^^
^^^^^^^^^^^^^^^^^^^^^^^^^^^^^^^^^^^^^^^[0m
[31m[1m>[0m [90m1095 |[0m                     </div>
  [90m     |[0m [31m[1m^^^^^^^^^^^^^^^^^^^^^^^^^^[0m
[31m[1m>[0m [90m1096 |[0m                   </div>
  [90m     |[0m [31m[1m^^^^^^^^^^^^^^^^^^^^^^^^[0m
[31m[1m>[0m [90m1097 |[0m                 </div>
  [90m     |[0m [31m[1m^^^^^^^^^^^^^^^^^^^^^^[0m
[31m[1m>[0m [90m1098 |[0m               </div>
  [90m     |[0m [31m[1m^^^^^^^^^^^^^^^^^^^^[0m
[31m[1m>[0m [90m1099 |[0m             </motion.div>
  [90m     |[0m [31m[1m^^^^^^^^^^^^^^^^^^^^^^^^^[0m
[31m[1m>[0m [90m1100 |[0m           )}
  [90m     |[0m [31m[1m^^^^^^^^^^^^[0m
[31m[1m>[0m [90m1101 |[0m
  [90m     |[0m [31m[1m^[0m
[31m[1m>[0m [90m1102 |[0m           {[90m/* Article grid */[0m}
  [90m     |[0m [31m[1m^^^^^^^^^^^^^^^^^^^^^^^^^^^^^^[0m
[31m[1m>[0m [90m1103 |[0m           <div className=[32m"grid grid-cols-1 
md:grid-cols-2 lg:grid-cols-3 gap-6"[0m>
  [90m     |[0m [31m[1m^^^^^^^^^^^^^^^^^^^^^^^^^^^^^^^^^^^^^^^^^^^^^^^^^^^^
^^^^^^^^^^^^^^^^^^^^^^^^^^^^[0m
[31m[1m>[0m [90m1104 |[0m             {rest.map((article, i) => (
  [90m     |[0m [31m[1m^^^^^^^^^^^^^^^^^^^^^^^^^^^^^^^^^^^^^^^[0m
[31m[1m>[0m [90m1105 |[0m               <motion.div key={article.id} 
initial={{ opacity: [35m0[0m, y: [35m20[0m }} animate={{ op...
  [90m     |[0m [31m[1m^^^^^^^^^^^^^^^^^^^^^^^^^^^^^^^^^^^^^^^^^^^^^^^^^^^^
^^^^^^^^^^^^^^^^^^^^^^^^^^^^^^^^^^^^^^^[0m
[31m[1m>[0m [90m1106 |[0m                 <div className=[32m"card p-6 
card-hover h-full flex flex-col cursor-pointer"[0m
  [90m     |[0m [31m[1m^^^^^^^^^^^^^^^^^^^^^^^^^^^^^^^^^^^^^^^^^^^^^^^^^^^^
^^^^^^^^^^^^^^^^^^^^^^^^^^^^^^^^^^^^[0m
[31m[1m>[0m [90m1107 |[0m                   style={{ background: 
[32m`linear-gradient([0m${article.gradient[32m})`[0m }}
  [90m     |[0m [31m[1m^^^^^^^^^^^^^^^^^^^^^^^^^^^^^^^^^^^^^^^^^^^^^^^^^^^^
^^^^^^^^^^^^^^^^^^^^^^^^^^^^[0m
[31m[1m>[0m [90m1108 |[0m                   onClick={() => 
setOpenArticle(article)}>
  [90m     |[0m 
[31m[1m^^^^^^^^^^^^^^^^^^^^^^^^^^^^^^^^^^^^^^^^^^^^^^^^^^^^^^^^^^[0m
[31m[1m>[0m [90m1109 |[0m                   <div className=[32m"flex 
items-center gap-2 mb-4"[0m>
  [90m     |[0m 
[31m[1m^^^^^^^^^^^^^^^^^^^^^^^^^^^^^^^^^^^^^^^^^^^^^^^^^^^^^^^^^^^^^^^^[0m
[31m[1m>[0m [90m1110 |[0m                     <span className=[32m"badge 
text-[10px]"[0m style={{ backgroundColor: [32m`[0m${art...
  [90m     |[0m [31m[1m^^^^^^^^^^^^^^^^^^^^^^^^^^^^^^^^^^^^^^^^^^^^^^^^^^^^
^^^^^^^^^^^^^^^^^^^^^^^^^^^^^^^^^^^^^^^[0m
[31m[1m>[0m [90m1111 |[0m                       {article.category}
  [90m     |[0m [31m[1m^^^^^^^^^^^^^^^^^^^^^^^^^^^^^^^^^^^^^^^^[0m
[31m[1m>[0m [90m1112 |[0m                     </span>
  [90m     |[0m [31m[1m^^^^^^^^^^^^^^^^^^^^^^^^^^^[0m
[31m[1m>[0m [90m1113 |[0m                   </div>
  [90m     |[0m [31m[1m^^^^^^^^^^^^^^^^^^^^^^^^[0m
[31m[1m>[0m [90m1114 |[0m                   <h3 className=[32m"text-lg 
font-semibold mb-3 leading-snug"[0m style={{ color..[32m.[0m
  [90m     |[0m [31m[1m^^^^^^^^^^^^^^^^^^^^^^^^^^^^^^^^^^^^^^^^^^^^^^^^^^^^
^^^^^^^^^^^^^^^^^^^^^^^^^^^^^^^^^^^^^^^[0m
[31m[1m>[0m [90m1115 |[0m                   <p className=[32m"text-sm 
leading-relaxed flex-1 mb-5"[0m style={{ color: [32m"va...[0m
  [90m     |[0m [31m[1m^^^^^^^^^^^^^^^^^^^^^^^^^^^^^^^^^^^^^^^^^^^^^^^^^^^^
^^^^^^^^^^^^^^^^^^^^^^^^^^^^^^^^^^^^^^^[0m
[31m[1m>[0m [90m1116 |[0m                   <div className=[32m"flex 
items-center justify-between pt-4 border-t"[0m style...
  [90m     |[0m [31m[1m^^^^^^^^^^^^^^^^^^^^^^^^^^^^^^^^^^^^^^^^^^^^^^^^^^^^
^^^^^^^^^^^^^^^^^^^^^^^^^^^^^^^^^^^^^^^[0m
[31m[1m>[0m [90m1117 |[0m                     <div>
  [90m     |[0m [31m[1m^^^^^^^^^^^^^^^^^^^^^^^^^[0m
[31m[1m>[0m [90m1118 |[0m                       <p 
className=[32m"text-xs font-medium"[0m style={{ color: 
[32m"var(--text-sec...[0m
  [90m     |[0m [31m[1m^^^^^^^^^^^^^^^^^^^^^^^^^^^^^^^^^^^^^^^^^^^^^^^^^^^^
^^^^^^^^^^^^^^^^^^^^^^^^^^^^^^^^^^^^^^^[0m
[31m[1m>[0m [90m1119 |[0m                       <p 
className=[32m"text-[10px]"[0m style={{ color: [32m"var(--text-muted)"[0m 
}}>...
  [90m     |[0m [31m[1m^^^^^^^^^^^^^^^^^^^^^^^^^^^^^^^^^^^^^^^^^^^^^^^^^^^^
^^^^^^^^^^^^^^^^^^^^^^^^^^^^^^^^^^^^^^^[0m
[31m[1m>[0m [90m1120 |[0m                     </div>
  [90m     |[0m [31m[1m^^^^^^^^^^^^^^^^^^^^^^^^^^[0m
[31m[1m>[0m [90m1121 |[0m                     <button 
className=[32m"flex items-center gap-1 text-xs font-medium"[0m styl...
  [90m     |[0m [31m[1m^^^^^^^^^^^^^^^^^^^^^^^^^^^^^^^^^^^^^^^^^^^^^^^^^^^^
^^^^^^^^^^^^^^^^^^^^^^^^^^^^^^^^^^^^^^^[0m
[31m[1m>[0m [90m1122 |[0m                       [33mRead[0m 
<[33mChevronRight[0m className=[32m"size-3"[0m />
  [90m     |[0m 
[31m[1m^^^^^^^^^^^^^^^^^^^^^^^^^^^^^^^^^^^^^^^^^^^^^^^^^^^^^^^^^^^^^^[0m
[31m[1m>[0m [90m1123 |[0m                     </button>
  [90m     |[0m [31m[1m^^^^^^^^^^^^^^^^^^^^^^^^^^^^^[0m
[31m[1m>[0m [90m1124 |[0m                   </div>
  [90m     |[0m [31m[1m^^^^^^^^^^^^^^^^^^^^^^^^[0m
[31m[1m>[0m [90m1125 |[0m                 </div>
  [90m     |[0m [31m[1m^^^^^^^^^^^^^^^^^^^^^^[0m
[31m[1m>[0m [90m1126 |[0m               </motion.div>
  [90m     |[0m [31m[1m^^^^^^^^^^^^^^^^^^^^^^^^^^^[0m
[31m[1m>[0m [90m1127 |[0m             ))}
  [90m     |[0m [31m[1m^^^^^^^^^^^^^^^[0m
[31m[1m>[0m [90m1128 |[0m           </div>
  [90m     |[0m [31m[1m^^^^^^^^^^^^^^^^[0m
[31m[1m>[0m [90m1129 |[0m
  [90m     |[0m [31m[1m^[0m
[31m[1m>[0m [90m1130 |[0m           {[90m/* Newsletter CTA ΓÇö FIXED 
contrast */[0m}
  [90m     |[0m 
[31m[1m^^^^^^^^^^^^^^^^^^^^^^^^^^^^^^^^^^^^^^^^^^^^^^^^^[0m
[31m[1m>[0m [90m1131 |[0m           <motion.div
  [90m     |[0m [31m[1m^^^^^^^^^^^^^^^^^^^^^[0m
[31m[1m>[0m [90m1132 |[0m             initial={{ opacity: [35m0[0m, y: 
[35m20[0m }} whileInView={{ opacity: [35m1[0m, y: [35m0[0m }} 
viewport=...
  [90m     |[0m [31m[1m^^^^^^^^^^^^^^^^^^^^^^^^^^^^^^^^^^^^^^^^^^^^^^^^^^^^
^^^^^^^^^^^^^^^^^^^^^^^^^^^^^^^^^^^^^^^[0m
[31m[1m>[0m [90m1133 |[0m             className=[32m"mt-16 p-10 
rounded-3xl text-center relative overflow-hidden"[0m
  [90m     |[0m [31m[1m^^^^^^^^^^^^^^^^^^^^^^^^^^^^^^^^^^^^^^^^^^^^^^^^^^^^
^^^^^^^^^^^^^^^^^^^^^^^^^^^^^^^[0m
[31m[1m>[0m [90m1134 |[0m             style={{ backgroundColor: 
[32m"var(--bg-surface)"[0m, border: [32m"1px solid var(--bord...[0m
  [90m     |[0m [31m[1m^^^^^^^^^^^^^^^^^^^^^^^^^^^^^^^^^^^^^^^^^^^^^^^^^^^^
^^^^^^^^^^^^^^^^^^^^^^^^^^^^^^^^^^^^^^^[0m
[31m[1m>[0m [90m1135 |[0m           >
  [90m     |[0m [31m[1m^^^^^^^^^^^[0m
[31m[1m>[0m [90m1136 |[0m             <div className=[32m"relative 
z-10"[0m>
  [90m     |[0m [31m[1m^^^^^^^^^^^^^^^^^^^^^^^^^^^^^^^^^^^^^^^^^^^[0m
[31m[1m>[0m [90m1137 |[0m               <div className=[32m"size-12 
rounded-2xl flex items-center justify-center mx-au...[0m
  [90m     |[0m [31m[1m^^^^^^^^^^^^^^^^^^^^^^^^^^^^^^^^^^^^^^^^^^^^^^^^^^^^
^^^^^^^^^^^^^^^^^^^^^^^^^^^^^^^^^^^^^^^[0m
[31m[1m>[0m [90m1138 |[0m                 style={{ backgroundColor: 
[32m"rgba(91,108,255,0.1)"[0m, border: [32m"1px solid rgb...[0m
  [90m     |[0m [31m[1m^^^^^^^^^^^^^^^^^^^^^^^^^^^^^^^^^^^^^^^^^^^^^^^^^^^^
^^^^^^^^^^^^^^^^^^^^^^^^^^^^^^^^^^^^^^^[0m
[31m[1m>[0m [90m1139 |[0m                 <[33mMail[0m 
className=[32m"size-6"[0m style={{ color: [32m"var(--accent-indigo)"[0m }} 
/>
  [90m     |[0m [31m[1m^^^^^^^^^^^^^^^^^^^^^^^^^^^^^^^^^^^^^^^^^^^^^^^^^^^^
^^^^^^^^^^^^^^^^^^^^^^^^^^^^^^^^^[0m
[31m[1m>[0m [90m1140 |[0m               </div>
  [90m     |[0m [31m[1m^^^^^^^^^^^^^^^^^^^^[0m
[31m[1m>[0m [90m1141 |[0m               <h2 className=[32m"text-3xl 
mb-3"[0m style={{ fontFamily: [32m"'Playfair Display', se...[0m
  [90m     |[0m [31m[1m^^^^^^^^^^^^^^^^^^^^^^^^^^^^^^^^^^^^^^^^^^^^^^^^^^^^
^^^^^^^^^^^^^^^^^^^^^^^^^^^^^^^^^^^^^^^[0m
[31m[1m>[0m [90m1142 |[0m                 [33mThe[0m [33mFounder[0m 
[33mBrief[0m
  [90m     |[0m [31m[1m^^^^^^^^^^^^^^^^^^^^^^^^^^^^^^^^^[0m
[31m[1m>[0m [90m1143 |[0m               </h2>
  [90m     |[0m [31m[1m^^^^^^^^^^^^^^^^^^^[0m
[31m[1m>[0m [90m1144 |[0m               <p className=[32m"mb-6 max-w-md 
mx-auto"[0m style={{ color: [32m"var(--text-secondary..[0m.
  [90m     |[0m [31m[1m^^^^^^^^^^^^^^^^^^^^^^^^^^^^^^^^^^^^^^^^^^^^^^^^^^^^
^^^^^^^^^^^^^^^^^^^^^^^^^^^^^^^^^^^^^^^[0m
[31m[1m>[0m [90m1145 |[0m                 [33mOne[0m email, every 
[33mFriday[0m. [33mThe[0m best [33mGSF[0m insights, curated [36mfor[0m 
serious foun...
  [90m     |[0m [31m[1m^^^^^^^^^^^^^^^^^^^^^^^^^^^^^^^^^^^^^^^^^^^^^^^^^^^^
^^^^^^^^^^^^^^^^^^^^^^^^^^^^^^^^^^^^^^^[0m
[31m[1m>[0m [90m1146 |[0m               </p>
  [90m     |[0m [31m[1m^^^^^^^^^^^^^^^^^^[0m
[31m[1m>[0m [90m1147 |[0m               {subscribed ? (
  [90m     |[0m [31m[1m^^^^^^^^^^^^^^^^^^^^^^^^^^^^^[0m
[31m[1m>[0m [90m1148 |[0m                 <div 
className=[32m"inline-flex items-center gap-2 px-5 py-3 rounded-xl"[0m
  [90m     |[0m [31m[1m^^^^^^^^^^^^^^^^^^^^^^^^^^^^^^^^^^^^^^^^^^^^^^^^^^^^
^^^^^^^^^^^^^^^^^^^^^^^^^^^^^^^^[0m
[31m[1m>[0m [90m1149 |[0m                   style={{ backgroundColor: 
[32m"rgba(16,185,129,0.08)"[0m, border: [32m"1px solid ...[0m
  [90m     |[0m [31m[1m^^^^^^^^^^^^^^^^^^^^^^^^^^^^^^^^^^^^^^^^^^^^^^^^^^^^
^^^^^^^^^^^^^^^^^^^^^^^^^^^^^^^^^^^^^^^[0m
[31m[1m>[0m [90m1150 |[0m                   <span className=[32m"text-sm 
font-semibold text-emerald-500"[0m>[33mYou[0m&apos;re [36mi.[0m..
  [90m     |[0m [31m[1m^^^^^^^^^^^^^^^^^^^^^^^^^^^^^^^^^^^^^^^^^^^^^^^^^^^^
^^^^^^^^^^^^^^^^^^^^^^^^^^^^^^^^^^^^^^^[0m
[31m[1m>[0m [90m1151 |[0m                 </div>
  [90m     |[0m [31m[1m^^^^^^^^^^^^^^^^^^^^^^[0m
[31m[1m>[0m [90m1152 |[0m               ) : (
  [90m     |[0m [31m[1m^^^^^^^^^^^^^^^^^^^[0m
[31m[1m>[0m [90m1153 |[0m                 <div className=[32m"flex gap-3 
max-w-md mx-auto"[0m>
  [90m     |[0m 
[31m[1m^^^^^^^^^^^^^^^^^^^^^^^^^^^^^^^^^^^^^^^^^^^^^^^^^^^^^^^^^^^^^[0m
[31m[1m>[0m [90m1154 |[0m                   <input 
[36mtype[0m=[32m"email"[0m placeholder=[32m"you@startup.com"[0m 
id=[32m"newsletter-email"[0m
  [90m     |[0m [31m[1m^^^^^^^^^^^^^^^^^^^^^^^^^^^^^^^^^^^^^^^^^^^^^^^^^^^^
^^^^^^^^^^^^^^^^^^^^^^^^^^^^^^^^^^^^^[0m
[31m[1m>[0m [90m1155 |[0m                     className=[32m"flex-1 px-4 
py-3 rounded-xl text-sm"[0m
  [90m     |[0m [31m[1m^^^^^^^^^^^^^^^^^^^^^^^^^^^^^^^^^^^^^^^^^^^^^^^^^^^^
^^^^^^^^^^^^^^^[0m
[31m[1m>[0m [90m1156 |[0m                     style={{ backgroundColor: 
[32m"var(--bg-surface-2)"[0m, border: [32m"1px solid ...[0m
  [90m     |[0m [31m[1m^^^^^^^^^^^^^^^^^^^^^^^^^^^^^^^^^^^^^^^^^^^^^^^^^^^^
^^^^^^^^^^^^^^^^^^^^^^^^^^^^^^^^^^^^^^^[0m
[31m[1m>[0m [90m1157 |[0m                     value={email} onChange={e 
=> setEmail(e.target.value)} />
  [90m     |[0m [31m[1m^^^^^^^^^^^^^^^^^^^^^^^^^^^^^^^^^^^^^^^^^^^^^^^^^^^^
^^^^^^^^^^^^^^^^^^^^^^^^^[0m
[31m[1m>[0m [90m1158 |[0m                   <button 
className=[32m"btn-primary px-5 py-2.5 text-sm flex-shrink-0"[0m
  [90m     |[0m [31m[1m^^^^^^^^^^^^^^^^^^^^^^^^^^^^^^^^^^^^^^^^^^^^^^^^^^^^
^^^^^^^^^^^^^^^^^^^^^^^^^^^^^^^[0m
[31m[1m>[0m [90m1159 |[0m                     onClick={() => 
email.includes([32m"@"[0m) && setSubscribed([36mtrue[0m)}>
  [90m     |[0m [31m[1m^^^^^^^^^^^^^^^^^^^^^^^^^^^^^^^^^^^^^^^^^^^^^^^^^^^^
^^^^^^^^^^^^^^^^^^^^^^^^^^^[0m
[31m[1m>[0m [90m1160 |[0m                     [33mSubscribe[0m
  [90m     |[0m [31m[1m^^^^^^^^^^^^^^^^^^^^^^^^^^^^^[0m
[31m[1m>[0m [90m1161 |[0m                   </button>
  [90m     |[0m [31m[1m^^^^^^^^^^^^^^^^^^^^^^^^^^^[0m
[31m[1m>[0m [90m1162 |[0m                 </div>
  [90m     |[0m [31m[1m^^^^^^^^^^^^^^^^^^^^^^[0m
[31m[1m>[0m [90m1163 |[0m               )}
  [90m     |[0m [31m[1m^^^^^^^^^^^^^^^^[0m
[31m[1m>[0m [90m1164 |[0m               <p className=[32m"text-xs 
mt-3"[0m style={{ color: [32m"var(--text-muted)"[0m }}>[33mNo[0m 
spam..[33m.[0m
  [90m     |[0m [31m[1m^^^^^^^^^^^^^^^^^^^^^^^^^^^^^^^^^^^^^^^^^^^^^^^^^^^^
^^^^^^^^^^^^^^^^^^^^^^^^^^^^^^^^^^^^^^^[0m
[31m[1m>[0m [90m1165 |[0m             </div>
  [90m     |[0m [31m[1m^^^^^^^^^^^^^^^^^^[0m
[31m[1m>[0m [90m1166 |[0m           </motion.div>
  [90m     |[0m [31m[1m^^^^^^^^^^^^^^^^^^^^^^^[0m
[31m[1m>[0m [90m1167 |[0m         </section>
  [90m     |[0m [31m[1m^^^^^^^^^^^^^^^^^^[0m
[31m[1m>[0m [90m1168 |[0m       </main>
  [90m     |[0m [31m[1m^^^^^^^^^^^^^[0m
[31m[1m>[0m [90m1169 |[0m       <[33mFooter[0m />
  [90m     |[0m [31m[1m^^^^^^^^^^^^^^^^[0m
[31m[1m>[0m [90m1170 |[0m
  [90m     |[0m [31m[1m^[0m
[31m[1m>[0m [90m1171 |[0m       {[90m/* Article reader modal */[0m}
  [90m     |[0m [31m[1m^^^^^^^^^^^^^^^^^^^^^^^^^^^^^^^^^^[0m
[31m[1m>[0m [90m1172 |[0m       <[33mAnimatePresence[0m>
  [90m     |[0m [31m[1m^^^^^^^^^^^^^^^^^^^^^^^[0m
[31m[1m>[0m [90m1173 |[0m         {openArticle && (
  [90m     |[0m [31m[1m^^^^^^^^^^^^^^^^^^^^^^^^^[0m
[31m[1m>[0m [90m1174 |[0m           <motion.div
  [90m     |[0m [31m[1m^^^^^^^^^^^^^^^^^^^^^[0m
[31m[1m>[0m [90m1175 |[0m             initial={{ opacity: [35m0[0m }} 
animate={{ opacity: [35m1[0m }} exit={{ opacity: [35m0[0m }}
  [90m     |[0m [31m[1m^^^^^^^^^^^^^^^^^^^^^^^^^^^^^^^^^^^^^^^^^^^^^^^^^^^^
^^^^^^^^^^^^^^^^^^^^^^^^^^^^^^^[0m
[31m[1m>[0m [90m1176 |[0m             className=[32m"fixed inset-0 z-50 
flex items-start justify-center p-4 overflow-y...[0m
  [90m     |[0m [31m[1m^^^^^^^^^^^^^^^^^^^^^^^^^^^^^^^^^^^^^^^^^^^^^^^^^^^^
^^^^^^^^^^^^^^^^^^^^^^^^^^^^^^^^^^^^^^^[0m
[31m[1m>[0m [90m1177 |[0m             style={{ backgroundColor: 
[32m"rgba(0,0,0,0.6)"[0m, backdropFilter: [32m"blur(4px)"[0m }}
  [90m     |[0m [31m[1m^^^^^^^^^^^^^^^^^^^^^^^^^^^^^^^^^^^^^^^^^^^^^^^^^^^^
^^^^^^^^^^^^^^^^^^^^^^^^^^^^^^^^^^^[0m
[31m[1m>[0m [90m1178 |[0m             onClick={e => e.target === 
e.currentTarget && setOpenArticle([36mnull[0m)}
  [90m     |[0m [31m[1m^^^^^^^^^^^^^^^^^^^^^^^^^^^^^^^^^^^^^^^^^^^^^^^^^^^^
^^^^^^^^^^^^^^^^^^^^^^^^^^^[0m
[31m[1m>[0m [90m1179 |[0m           >
  [90m     |[0m [31m[1m^^^^^^^^^^^[0m
[31m[1m>[0m [90m1180 |[0m             <motion.div
  [90m     |[0m [31m[1m^^^^^^^^^^^^^^^^^^^^^^^[0m
[31m[1m>[0m [90m1181 |[0m               initial={{ opacity: [35m0[0m, 
y: [35m32[0m }} animate={{ opacity: [35m1[0m, y: [35m0[0m }} exit={{ 
opa...
  [90m     |[0m [31m[1m^^^^^^^^^^^^^^^^^^^^^^^^^^^^^^^^^^^^^^^^^^^^^^^^^^^^
^^^^^^^^^^^^^^^^^^^^^^^^^^^^^^^^^^^^^^^[0m
[31m[1m>[0m [90m1182 |[0m               transition={{ duration: 
[35m0.3[0m }}
  [90m     |[0m [31m[1m^^^^^^^^^^^^^^^^^^^^^^^^^^^^^^^^^^^^^^^^^^^^[0m
[31m[1m>[0m [90m1183 |[0m               className=[32m"card max-w-2xl 
w-full my-8 overflow-hidden"[0m
  [90m     |[0m [31m[1m^^^^^^^^^^^^^^^^^^^^^^^^^^^^^^^^^^^^^^^^^^^^^^^^^^^^
^^^^^^^^^^^^^^^^[0m
[31m[1m>[0m [90m1184 |[0m               style={{ backgroundColor: 
[32m"var(--bg-canvas)"[0m }}
  [90m     |[0m 
[31m[1m^^^^^^^^^^^^^^^^^^^^^^^^^^^^^^^^^^^^^^^^^^^^^^^^^^^^^^^^^^^^^[0m
[31m[1m>[0m [90m1185 |[0m             >
  [90m     |[0m [31m[1m^^^^^^^^^^^^^[0m
[31m[1m>[0m [90m1186 |[0m               {[90m/* Modal header */[0m}
  [90m     |[0m [31m[1m^^^^^^^^^^^^^^^^^^^^^^^^^^^^^^^^^^[0m
[31m[1m>[0m [90m1187 |[0m               <div className=[32m"p-6 
border-b"[0m style={{ borderBottomColor: [32m"var(--border-de...[0m
  [90m     |[0m [31m[1m^^^^^^^^^^^^^^^^^^^^^^^^^^^^^^^^^^^^^^^^^^^^^^^^^^^^
^^^^^^^^^^^^^^^^^^^^^^^^^^^^^^^^^^^^^^^[0m
[31m[1m>[0m [90m1188 |[0m                 <div className=[32m"flex 
items-start justify-between gap-4"[0m>
  [90m     |[0m [31m[1m^^^^^^^^^^^^^^^^^^^^^^^^^^^^^^^^^^^^^^^^^^^^^^^^^^^^
^^^^^^^^^^^^^^^^^^^^[0m
[31m[1m>[0m [90m1189 |[0m                   <div>
  [90m     |[0m [31m[1m^^^^^^^^^^^^^^^^^^^^^^^[0m
[31m[1m>[0m [90m1190 |[0m                     <span className=[32m"badge 
text-xs mb-3 inline-block"[0m
  [90m     |[0m [31m[1m^^^^^^^^^^^^^^^^^^^^^^^^^^^^^^^^^^^^^^^^^^^^^^^^^^^^
^^^^^^^^^^^^^^^^^[0m
[31m[1m>[0m [90m1191 |[0m                       style={{ backgroundColor: 
[32m`[0m${openArticle.accentColor[32m}18`[0m, color: o...
  [90m     |[0m [31m[1m^^^^^^^^^^^^^^^^^^^^^^^^^^^^^^^^^^^^^^^^^^^^^^^^^^^^
^^^^^^^^^^^^^^^^^^^^^^^^^^^^^^^^^^^^^^^[0m
[31m[1m>[0m [90m1192 |[0m                       {openArticle.category}
  [90m     |[0m [31m[1m^^^^^^^^^^^^^^^^^^^^^^^^^^^^^^^^^^^^^^^^^^^^[0m
[31m[1m>[0m [90m1193 |[0m                     </span>
  [90m     |[0m [31m[1m^^^^^^^^^^^^^^^^^^^^^^^^^^^[0m
[31m[1m>[0m [90m1194 |[0m                     <h2 
className=[32m"text-2xl font-bold leading-snug"[0m style={{ 
fontFamily:.[32m..[0m
  [90m     |[0m [31m[1m^^^^^^^^^^^^^^^^^^^^^^^^^^^^^^^^^^^^^^^^^^^^^^^^^^^^
^^^^^^^^^^^^^^^^^^^^^^^^^^^^^^^^^^^^^^^[0m
[31m[1m>[0m [90m1195 |[0m                       {openArticle.title}
  [90m     |[0m [31m[1m^^^^^^^^^^^^^^^^^^^^^^^^^^^^^^^^^^^^^^^^^[0m
[31m[1m>[0m [90m1196 |[0m                     </h2>
  [90m     |[0m [31m[1m^^^^^^^^^^^^^^^^^^^^^^^^^[0m
[31m[1m>[0m [90m1197 |[0m                   </div>
  [90m     |[0m [31m[1m^^^^^^^^^^^^^^^^^^^^^^^^[0m
[31m[1m>[0m [90m1198 |[0m                   <button onClick={() => 
setOpenArticle([36mnull[0m)} className=[32m"size-9 rounded...[0m
  [90m     |[0m [31m[1m^^^^^^^^^^^^^^^^^^^^^^^^^^^^^^^^^^^^^^^^^^^^^^^^^^^^
^^^^^^^^^^^^^^^^^^^^^^^^^^^^^^^^^^^^^^^[0m
[31m[1m>[0m [90m1199 |[0m                     style={{ color: 
[32m"var(--text-muted)"[0m }}>
  [90m     |[0m 
[31m[1m^^^^^^^^^^^^^^^^^^^^^^^^^^^^^^^^^^^^^^^^^^^^^^^^^^^^^^^^^^^[0m
[31m[1m>[0m [90m1200 |[0m                     <[33mX[0m 
className=[32m"size-5"[0m />
  [90m     |[0m [31m[1m^^^^^^^^^^^^^^^^^^^^^^^^^^^^^^^^^^^^^^^^^^^^[0m
[31m[1m>[0m [90m1201 |[0m                   </button>
  [90m     |[0m [31m[1m^^^^^^^^^^^^^^^^^^^^^^^^^^^[0m
[31m[1m>[0m [90m1202 |[0m                 </div>
  [90m     |[0m [31m[1m^^^^^^^^^^^^^^^^^^^^^^[0m
[31m[1m>[0m [90m1203 |[0m                 <div className=[32m"flex 
items-center gap-4 mt-4 text-xs"[0m style={{ color: [32m"v...[0m
  [90m     |[0m [31m[1m^^^^^^^^^^^^^^^^^^^^^^^^^^^^^^^^^^^^^^^^^^^^^^^^^^^^
^^^^^^^^^^^^^^^^^^^^^^^^^^^^^^^^^^^^^^^[0m
[31m[1m>[0m [90m1204 |[0m                   <span className=[32m"flex 
items-center gap-1"[0m><[33mUsers[0m className=[32m"size-3.5"[0m ...
  [90m     |[0m [31m[1m^^^^^^^^^^^^^^^^^^^^^^^^^^^^^^^^^^^^^^^^^^^^^^^^^^^^
^^^^^^^^^^^^^^^^^^^^^^^^^^^^^^^^^^^^^^^[0m
[31m[1m>[0m [90m1205 |[0m                   <span className=[32m"text-xs 
px-2 py-0.5 rounded-full font-mono"[0m style={{ ...
  [90m     |[0m [31m[1m^^^^^^^^^^^^^^^^^^^^^^^^^^^^^^^^^^^^^^^^^^^^^^^^^^^^
^^^^^^^^^^^^^^^^^^^^^^^^^^^^^^^^^^^^^^^[0m
[31m[1m>[0m [90m1206 |[0m                     {openArticle.authorRole}
  [90m     |[0m [31m[1m^^^^^^^^^^^^^^^^^^^^^^^^^^^^^^^^^^^^^^^^^^^^[0m
[31m[1m>[0m [90m1207 |[0m                   </span>
  [90m     |[0m [31m[1m^^^^^^^^^^^^^^^^^^^^^^^^^[0m
[31m[1m>[0m [90m1208 |[0m                   <span className=[32m"flex 
items-center gap-1"[0m><[33mCalendar[0m className=[32m"size-3...[0m.
  [90m     |[0m [31m[1m^^^^^^^^^^^^^^^^^^^^^^^^^^^^^^^^^^^^^^^^^^^^^^^^^^^^
^^^^^^^^^^^^^^^^^^^^^^^^^^^^^^^^^^^^^^^[0m
[31m[1m>[0m [90m1209 |[0m                   <span className=[32m"flex 
items-center gap-1"[0m><[33mClock[0m className=[32m"size-3.5"[0m ...
  [90m     |[0m [31m[1m^^^^^^^^^^^^^^^^^^^^^^^^^^^^^^^^^^^^^^^^^^^^^^^^^^^^
^^^^^^^^^^^^^^^^^^^^^^^^^^^^^^^^^^^^^^^[0m
[31m[1m>[0m [90m1210 |[0m                 </div>
  [90m     |[0m [31m[1m^^^^^^^^^^^^^^^^^^^^^^[0m
[31m[1m>[0m [90m1211 |[0m               </div>
  [90m     |[0m [31m[1m^^^^^^^^^^^^^^^^^^^^[0m
[31m[1m>[0m [90m1212 |[0m
  [90m     |[0m [31m[1m^[0m
[31m[1m>[0m [90m1213 |[0m               {[90m/* Article body */[0m}
  [90m     |[0m [31m[1m^^^^^^^^^^^^^^^^^^^^^^^^^^^^^^^^^^[0m
[31m[1m>[0m [90m1214 |[0m               <div className=[32m"p-6 prose 
max-w-none"[0m style={{ color: [32m"var(--text-secondar...[0m
  [90m     |[0m [31m[1m^^^^^^^^^^^^^^^^^^^^^^^^^^^^^^^^^^^^^^^^^^^^^^^^^^^^
^^^^^^^^^^^^^^^^^^^^^^^^^^^^^^^^^^^^^^^[0m
[31m[1m>[0m [90m1215 |[0m                 
{openArticle.content.split([32m"\n\n"[0m).map((para, i) => {
  [90m     |[0m [31m[1m^^^^^^^^^^^^^^^^^^^^^^^^^^^^^^^^^^^^^^^^^^^^^^^^^^^^
^^^^^^^^^^^^^^^^^[0m
[31m[1m>[0m [90m1216 |[0m                   [36mif[0m 
(para.startsWith([32m"**"[0m) && para.endsWith([32m"**"[0m) && 
para.split([32m"**"[0m).l...
  [90m     |[0m [31m[1m^^^^^^^^^^^^^^^^^^^^^^^^^^^^^^^^^^^^^^^^^^^^^^^^^^^^
^^^^^^^^^^^^^^^^^^^^^^^^^^^^^^^^^^^^^^^[0m
[31m[1m>[0m [90m1217 |[0m                     [36mreturn[0m <h3 key={i} 
className=[32m"text-lg font-bold mt-6 mb-2"[0m style={{ ...
  [90m     |[0m [31m[1m^^^^^^^^^^^^^^^^^^^^^^^^^^^^^^^^^^^^^^^^^^^^^^^^^^^^
^^^^^^^^^^^^^^^^^^^^^^^^^^^^^^^^^^^^^^^[0m
[31m[1m>[0m [90m1218 |[0m                   }
  [90m     |[0m [31m[1m^^^^^^^^^^^^^^^^^^^[0m
[31m[1m>[0m [90m1219 |[0m                   [90m// Bold inline 
segments[0m
  [90m     |[0m [31m[1m^^^^^^^^^^^^^^^^^^^^^^^^^^^^^^^^^^^^^^^^^[0m
[31m[1m>[0m [90m1220 |[0m                   [36mconst[0m parts = 
para.split([35m/(\*\*[^*]+\*\*)/g[0m);
  [90m     |[0m 
[31m[1m^^^^^^^^^^^^^^^^^^^^^^^^^^^^^^^^^^^^^^^^^^^^^^^^^^^^^^^^^^^^^^^[0m
[31m[1m>[0m [90m1221 |[0m                   [36mreturn[0m (
  [90m     |[0m [31m[1m^^^^^^^^^^^^^^^^^^^^^^^^^^[0m
[31m[1m>[0m [90m1222 |[0m                     <p key={i} 
className=[32m"mb-4 text-sm leading-relaxed"[0m>
  [90m     |[0m [31m[1m^^^^^^^^^^^^^^^^^^^^^^^^^^^^^^^^^^^^^^^^^^^^^^^^^^^^
^^^^^^^^^^^^^^^^^^^^[0m
[31m[1m>[0m [90m1223 |[0m                       {parts.map((part, j) =>
  [90m     |[0m [31m[1m^^^^^^^^^^^^^^^^^^^^^^^^^^^^^^^^^^^^^^^^^^^^^[0m
[31m[1m>[0m [90m1224 |[0m                         
part.startsWith([32m"**"[0m) && part.endsWith([32m"**"[0m)
  [90m     |[0m [31m[1m^^^^^^^^^^^^^^^^^^^^^^^^^^^^^^^^^^^^^^^^^^^^^^^^^^^^
^^^^^^^^^^^^^^^^[0m
[31m[1m>[0m [90m1225 |[0m                           ? <strong key={j} 
style={{ color: [32m"var(--text-primary)"[0m }}>{pa...
  [90m     |[0m [31m[1m^^^^^^^^^^^^^^^^^^^^^^^^^^^^^^^^^^^^^^^^^^^^^^^^^^^^
^^^^^^^^^^^^^^^^^^^^^^^^^^^^^^^^^^^^^^^[0m
[31m[1m>[0m [90m1226 |[0m                           : part
  [90m     |[0m [31m[1m^^^^^^^^^^^^^^^^^^^^^^^^^^^^^^^^[0m
[31m[1m>[0m [90m1227 |[0m                       )}
  [90m     |[0m [31m[1m^^^^^^^^^^^^^^^^^^^^^^^^[0m
[31m[1m>[0m [90m1228 |[0m                     </p>
  [90m     |[0m [31m[1m^^^^^^^^^^^^^^^^^^^^^^^^[0m
[31m[1m>[0m [90m1229 |[0m                   );
  [90m     |[0m [31m[1m^^^^^^^^^^^^^^^^^^^^[0m
[31m[1m>[0m [90m1230 |[0m                 })}
  [90m     |[0m [31m[1m^^^^^^^^^^^^^^^^^^^[0m
[31m[1m>[0m [90m1231 |[0m               </div>
  [90m     |[0m [31m[1m^^^^^^^^^^^^^^^^^^^^[0m
[31m[1m>[0m [90m1232 |[0m
  [90m     |[0m [31m[1m^[0m
[31m[1m>[0m [90m1233 |[0m               {[90m/* Modal footer */[0m}
  [90m     |[0m [31m[1m^^^^^^^^^^^^^^^^^^^^^^^^^^^^^^^^^^[0m
[31m[1m>[0m [90m1234 |[0m               <div className=[32m"px-6 py-4 
border-t flex items-center justify-between"[0m styl...
  [90m     |[0m [31m[1m^^^^^^^^^^^^^^^^^^^^^^^^^^^^^^^^^^^^^^^^^^^^^^^^^^^^
^^^^^^^^^^^^^^^^^^^^^^^^^^^^^^^^^^^^^^^[0m
[31m[1m>[0m [90m1235 |[0m                 <span 
className=[32m"text-xs"[0m style={{ color: [32m"var(--text-muted)"[0m 
}}>[33mPublish..[0m.
  [90m     |[0m [31m[1m^^^^^^^^^^^^^^^^^^^^^^^^^^^^^^^^^^^^^^^^^^^^^^^^^^^^
^^^^^^^^^^^^^^^^^^^^^^^^^^^^^^^^^^^^^^^[0m
[31m[1m>[0m [90m1236 |[0m                 <button onClick={() => 
setOpenArticle([36mnull[0m)} className=[32m"btn-outline text...[0m
  [90m     |[0m [31m[1m^^^^^^^^^^^^^^^^^^^^^^^^^^^^^^^^^^^^^^^^^^^^^^^^^^^^
^^^^^^^^^^^^^^^^^^^^^^^^^^^^^^^^^^^^^^^[0m
[31m[1m>[0m [90m1237 |[0m               </div>
  [90m     |[0m [31m[1m^^^^^^^^^^^^^^^^^^^^[0m
[31m[1m>[0m [90m1238 |[0m             </motion.div>
  [90m     |[0m [31m[1m^^^^^^^^^^^^^^^^^^^^^^^^^[0m
[31m[1m>[0m [90m1239 |[0m           </motion.div>
  [90m     |[0m [31m[1m^^^^^^^^^^^^^^^^^^^^^^^[0m
[31m[1m>[0m [90m1240 |[0m         )}
  [90m     |[0m [31m[1m^^^^^^^^^^[0m
[31m[1m>[0m [90m1241 |[0m       </[33mAnimatePresence[0m>
  [90m     |[0m [31m[1m^^^^^^^^^^^^^^^^^^^^^^^^[0m
[31m[1m>[0m [90m1242 |[0m     </>
  [90m     |[0m [31m[1m^^^^^^^[0m
[31m[1m>[0m [90m1243 |[0m   );
  [90m     |[0m [31m[1m^^^^[0m
[31m[1m>[0m [90m1244 |[0m }
  [90m     |[0m [31m[1m^[0m
  [90m1245 |[0m

Ecmascript file had an error

Import traces:
  Client Component Browser:
    ./app/insights/page.tsx [Client Component Browser]
    ./app/insights/page.tsx [Server Component]

  Client Component SSR:
    ./app/insights/page.tsx [Client Component SSR]
    ./app/insights/page.tsx [Server Component]


./app/insights/page.tsx:356:10
the name `motion` is defined multiple times
  [90m354 |[0m   );
  [90m355 |[0m }
[31m[1m>[0m [90m356 |[0m [36mimport[0m { motion, 
[33mAnimatePresence[0m } [36mfrom[0m [32m"framer-motion"[0m;
  [90m    |[0m          [31m[1m^^^^^^[0m
  [90m357 |[0m [36mimport[0m { [33mNavbar[0m } [36mfrom[0m 
[32m"@/components/layout/Navbar"[0m;
  [90m358 |[0m [36mimport[0m { [33mFooter[0m } [36mfrom[0m 
[32m"@/components/layout/Footer"[0m;
  [90m359 |[0m [36mimport[0m { [33mZap[0m, [33mTrendingUp[0m, 
[33mBookOpen[0m, [33mUsers[0m, [33mArrowRight[0m, [33mCalendar[0m, 
[33mClock[0m, [33mChevronRight[0m, [33mX[0m, [33m...[0m

Ecmascript file had an error

Import traces:
  Client Component Browser:
    ./app/insights/page.tsx [Client Component Browser]
    ./app/insights/page.tsx [Server Component]

  Client Component SSR:
    ./app/insights/page.tsx [Client Component SSR]
    ./app/insights/page.tsx [Server Component]


./app/insights/page.tsx:360:10
the name `useUser` is defined multiple times
  [90m358 |[0m [36mimport[0m { [33mFooter[0m } [36mfrom[0m 
[32m"@/components/layout/Footer"[0m;
  [90m359 |[0m [36mimport[0m { [33mZap[0m, [33mTrendingUp[0m, 
[33mBookOpen[0m, [33mUsers[0m, [33mArrowRight[0m, [33mCalendar[0m, 
[33mClock[0m, [33mChevronRight[0m, [33mX[0m, [33m...[0m
[31m[1m>[0m [90m360 |[0m [36mimport[0m { useUser } [36mfrom[0m 
[32m"@clerk/nextjs"[0m;
  [90m    |[0m          [31m[1m^^^^^^^[0m
  [90m361 |[0m
  [90m362 |[0m [36mconst[0m [33mCATEGORIES[0m = [[32m"All"[0m, 
[32m"Founder Strategy"[0m, [32m"Fundraising"[0m, [32m"Product"[0m, 
[32m"Community"[0m, [32m"Gr...[0m
  [90m363 |[0m

Ecmascript file had an error

Import traces:
  Client Component Browser:
    ./app/insights/page.tsx [Client Component Browser]
    ./app/insights/page.tsx [Server Component]

  Client Component SSR:
    ./app/insights/page.tsx [Client Component SSR]
    ./app/insights/page.tsx [Server Component]


    at <unknown> (./app/insights/page.tsx:356:18)
    at <unknown> (./app/insights/page.tsx:359:27)
    at <unknown> (./app/insights/page.tsx:362:7)
    at <unknown> (./app/insights/page.tsx:358:10)
    at <unknown> (./app/insights/page.tsx:975:25)
    at <unknown> (./app/insights/page.tsx:357:10)
    at <unknown> (./app/insights/page.tsx:359:110)
    at <unknown> (./app/insights/page.tsx:359:87)
    at <unknown> (./app/insights/page.tsx:975:1)
    at <unknown> (./app/insights/page.tsx:356:10)
    at <unknown> (./app/insights/page.tsx:360:10)
